::1 - - [11/Sep/2026 04:05:15] "GET / HTTP/1.1" 304 -
::1 - - [11/Sep/2026 04:05:16] "GET / HTTP/1.1" 304 -
::1 - - [11/Sep/2026 04:05:16] "GET / HTTP/1.1" 304 -
::1 - - [11/Sep/2026 04:05:16] "GET / HTTP/1.1" 304 -
::1 - - [11/Sep/2026 04:05:20] code 501, message Unsupported method ('POST')
::1 - - [11/Sep/2026 04:05:20] "POST /ask HTTP/1.1" 501 -
::1 - - [11/Sep/2026 04:06:35] code 404, message File not found
::1 - - [11/Sep/2026 04:06:35] "GET /.well-known/appspecific/com.chrome.devtools.json HTTP/1.1" 404 -
::1 - - [11/Sep/2026 04:06:44] code 501, message Unsupported method ('POST')
::1 - - [11/Sep/2026 04:06:44] "POST /ask HTTP/1.1" 501 -
::1 - - [11/Sep/2026 04:06:45] "GET / HTTP/1.1" 200 -
::1 - - [11/Sep/2026 04:06:45] "GET / HTTP/1.1" 200 -
::1 - - [11/Sep/2026 04:06:53] "GET / HTTP/1.1" 200 -
::1 - - [11/Sep/2026 04:06:53] "GET / HTTP/1.1" 200 -
::1 - - [11/Sep/2026 04:06:58] code 501, message Unsupported method ('POST')
::1 - - [11/Sep/2026 04:06:58] "POST /ask HTTP/1.1" 501 -
::1 - - [11/Sep/2026 04:07:06] "GET / HTTP/1.1" 200 -
::1 - - [11/Sep/2026 04:07:06] "GET / HTTP/1.1" 200 -
::1 - - [11/Sep/2026 04:07:39] "GET / HTTP/1.1" 200 -
::1 - - [11/Sep/2026 04:07:39] "GET / HTTP/1.1" 200 -
::1 - - [11/Sep/2026 04:07:47] "GET / HTTP/1.1" 200 -
::1 - - [11/Sep/2026 04:07:48] "GET / HTTP/1.1" 200 -
::1 - - [11/Sep/2026 04:08:27] code 501, message Unsupported method ('POST')
::1 - - [11/Sep/2026 04:08:27] "POST /ask HTTP/1.1" 501 -
::1 - - [11/Sep/2026 04:08:30] "GET / HTTP/1.1" 200 -
::1 - - [11/Sep/2026 04:08:30] "GET /style.css HTTP/1.1" 200 -
::1 - - [11/Sep/2026 04:08:30] "GET /app.js HTTP/1.1" 200 -
::1 - - [11/Sep/2026 04:08:30] code 404, message File not found
::1 - - [11/Sep/2026 04:08:30] "GET /.well-known/appspecific/com.chrome.devtools.json HTTP/1.1" 404 -
::1 - - [11/Sep/2026 04:08:36] code 501, message Unsupported method ('POST')
::1 - - [11/Sep/2026 04:08:36] "POST /ask HTTP/1.1" 501 -
::1 - - [11/Sep/2026 04:10:27] code 404, message File not found
::1 - - [11/Sep/2026 04:10:27] "HEAD /.env HTTP/1.1" 404 -
::1 - - [11/Sep/2026 04:10:27] code 404, message File not found
::1 - - [11/Sep/2026 04:10:27] "HEAD /.env HTTP/1.1" 404 -
::1 - - [11/Sep/2026 04:10:28] code 404, message File not found
::1 - - [11/Sep/2026 04:10:28] "HEAD /.env.local HTTP/1.1" 404 -
::1 - - [11/Sep/2026 04:10:28] code 404, message File not found
::1 - - [11/Sep/2026 04:10:28] "HEAD /.env.local HTTP/1.1" 404 -
::1 - - [11/Sep/2026 04:10:28] code 404, message File not found
::1 - - [11/Sep/2026 04:10:28] "HEAD /.env.prod HTTP/1.1" 404 -
::1 - - [11/Sep/2026 04:10:28] code 404, message File not found
::1 - - [11/Sep/2026 04:10:28] "HEAD /.env.prod HTTP/1.1" 404 -
::1 - - [11/Sep/2026 04:10:28] code 404, message File not found
::1 - - [11/Sep/2026 04:10:28] "HEAD /.env.dev HTTP/1.1" 404 -
::1 - - [11/Sep/2026 04:10:28] code 404, message File not found
::1 - - [11/Sep/2026 04:10:28] "HEAD /.env.dev HTTP/1.1" 404 -
::1 - - [11/Sep/2026 04:10:53] code 404, message File not found
::1 - - [11/Sep/2026 04:10:53] "HEAD /.env HTTP/1.1" 404 -
::1 - - [11/Sep/2026 04:10:53] code 404, message File not found
::1 - - [11/Sep/2026 04:10:53] "HEAD /.env.local HTTP/1.1" 404 -
::1 - - [11/Sep/2026 04:10:53] code 404, message File not found
::1 - - [11/Sep/2026 04:10:53] "HEAD /.env HTTP/1.1" 404 -
::1 - - [11/Sep/2026 04:10:53] code 404, message File not found
::1 - - [11/Sep/2026 04:10:53] "HEAD /.env.prod HTTP/1.1" 404 -
::1 - - [11/Sep/2026 04:10:53] code 404, message File not found
::1 - - [11/Sep/2026 04:10:53] "HEAD /.env.dev HTTP/1.1" 404 -
::1 - - [11/Sep/2026 04:10:53] code 404, message File not found
::1 - - [11/Sep/2026 04:10:53] "HEAD /.env.local HTTP/1.1" 404 -
::1 - - [11/Sep/2026 04:10:54] code 404, message File not found
::1 - - [11/Sep/2026 04:10:54] "HEAD /.env.prod HTTP/1.1" 404 -
::1 - - [11/Sep/2026 04:10:54] code 404, message File not found
::1 - - [11/Sep/2026 04:10:54] "HEAD /.env.dev HTTP/1.1" 404 -
::1 - - [11/Sep/2026 04:16:22] code 501, message Unsupported method ('POST')
::1 - - [11/Sep/2026 04:16:22] "POST /ask HTTP/1.1" 501 -
::1 - - [11/Sep/2026 04:18:50] code 501, message Unsupported method ('POST')
::1 - - [11/Sep/2026 04:18:50] "POST /ask HTTP/1.1" 501 -
::1 - - [11/Sep/2026 04:25:16] code 404, message File not found
::1 - - [11/Sep/2026 04:25:16] "GET /.env HTTP/1.1" 404 -
::1 - - [11/Sep/2026 04:25:16] code 404, message File not found
::1 - - [11/Sep/2026 04:25:16] "GET /.env HTTP/1.1" 404 -
::1 - - [11/Sep/2026 04:25:16] code 404, message File not found
::1 - - [11/Sep/2026 04:25:16] "GET /.git/HEAD HTTP/1.1" 404 -
::1 - - [11/Sep/2026 04:25:16] code 404, message File not found
::1 - - [11/Sep/2026 04:25:16] "GET /.git/HEAD HTTP/1.1" 404 -
::1 - - [11/Sep/2026 04:25:17] code 404, message File not found
::1 - - [11/Sep/2026 04:25:17] code 404, message File not found
::1 - - [11/Sep/2026 04:25:17] "GET /.env.backup HTTP/1.1" 404 -
::1 - - [11/Sep/2026 04:25:17] "GET /.env.backup HTTP/1.1" 404 -
::1 - - [11/Sep/2026 04:25:17] code 404, message File not found
::1 - - [11/Sep/2026 04:25:17] "GET /.env.old HTTP/1.1" 404 -
::1 - - [11/Sep/2026 04:25:17] code 404, message File not found
::1 - - [11/Sep/2026 04:25:17] "GET /.env.save HTTP/1.1" 404 -
::1 - - [11/Sep/2026 04:25:17] code 404, message File not found
::1 - - [11/Sep/2026 04:25:17] "GET /.env.old HTTP/1.1" 404 -
::1 - - [11/Sep/2026 04:25:17] code 404, message File not found
::1 - - [11/Sep/2026 04:25:17] "GET /.env.bak HTTP/1.1" 404 -
::1 - - [11/Sep/2026 04:25:17] code 404, message File not found
::1 - - [11/Sep/2026 04:25:17] "GET /.env.save HTTP/1.1" 404 -
::1 - - [11/Sep/2026 04:25:18] code 404, message File not found
::1 - - [11/Sep/2026 04:25:18] "GET /.env.prod HTTP/1.1" 404 -
::1 - - [11/Sep/2026 04:25:18] code 404, message File not found
::1 - - [11/Sep/2026 04:25:18] "GET /.env.bak HTTP/1.1" 404 -
::1 - - [11/Sep/2026 04:25:18] code 404, message File not found
::1 - - [11/Sep/2026 04:25:18] "GET /.env.production HTTP/1.1" 404 -
::1 - - [11/Sep/2026 04:25:18] code 404, message File not found
::1 - - [11/Sep/2026 04:25:18] "GET /.env.prod HTTP/1.1" 404 -
::1 - - [11/Sep/2026 04:25:18] code 404, message File not found
::1 - - [11/Sep/2026 04:25:18] "GET /.env.staging HTTP/1.1" 404 -
::1 - - [11/Sep/2026 04:25:19] code 404, message File not found
::1 - - [11/Sep/2026 04:25:19] "GET /.env.local HTTP/1.1" 404 -
::1 - - [11/Sep/2026 04:25:19] code 404, message File not found
::1 - - [11/Sep/2026 04:25:19] "GET /.env.production HTTP/1.1" 404 -
::1 - - [11/Sep/2026 04:25:19] code 404, message File not found
::1 - - [11/Sep/2026 04:25:19] "GET /.env.staging HTTP/1.1" 404 -
::1 - - [11/Sep/2026 04:25:19] code 404, message File not found
::1 - - [11/Sep/2026 04:25:19] "GET /.env.live HTTP/1.1" 404 -
::1 - - [11/Sep/2026 04:25:19] code 404, message File not found
::1 - - [11/Sep/2026 04:25:19] "GET /.env.local HTTP/1.1" 404 -
::1 - - [11/Sep/2026 04:25:19] code 404, message File not found
::1 - - [11/Sep/2026 04:25:19] "GET /.env.dev HTTP/1.1" 404 -
::1 - - [11/Sep/2026 04:25:19] code 404, message File not found
::1 - - [11/Sep/2026 04:25:19] "GET /.env.live HTTP/1.1" 404 -
::1 - - [11/Sep/2026 04:25:19] code 404, message File not found
::1 - - [11/Sep/2026 04:25:19] "GET /.env.stage HTTP/1.1" 404 -
::1 - - [11/Sep/2026 04:25:19] code 404, message File not found
::1 - - [11/Sep/2026 04:25:19] "GET /.env.dev HTTP/1.1" 404 -
::1 - - [11/Sep/2026 04:25:19] code 404, message File not found
::1 - - [11/Sep/2026 04:25:19] "GET /env HTTP/1.1" 404 -
::1 - - [11/Sep/2026 04:25:20] code 404, message File not found
::1 - - [11/Sep/2026 04:25:20] "GET /.env.stage HTTP/1.1" 404 -
::1 - - [11/Sep/2026 04:25:20] code 404, message File not found
::1 - - [11/Sep/2026 04:25:20] "GET /config/.env HTTP/1.1" 404 -
::1 - - [11/Sep/2026 04:25:20] code 404, message File not found
::1 - - [11/Sep/2026 04:25:20] "GET /env HTTP/1.1" 404 -
::1 - - [11/Sep/2026 04:25:20] code 404, message File not found
::1 - - [11/Sep/2026 04:25:20] "GET /app/.env HTTP/1.1" 404 -
::1 - - [11/Sep/2026 04:25:20] code 404, message File not found
::1 - - [11/Sep/2026 04:25:20] "GET /config/.env HTTP/1.1" 404 -
::1 - - [11/Sep/2026 04:25:20] code 404, message File not found
::1 - - [11/Sep/2026 04:25:20] "GET /backend/.env HTTP/1.1" 404 -
::1 - - [11/Sep/2026 04:25:20] code 404, message File not found
::1 - - [11/Sep/2026 04:25:20] "GET /app/.env HTTP/1.1" 404 -
::1 - - [11/Sep/2026 04:25:20] code 404, message File not found
::1 - - [11/Sep/2026 04:25:20] "GET /api/.env HTTP/1.1" 404 -
::1 - - [11/Sep/2026 04:25:21] code 404, message File not found
::1 - - [11/Sep/2026 04:25:21] "GET /backend/.env HTTP/1.1" 404 -
::1 - - [11/Sep/2026 04:25:21] code 404, message File not found
::1 - - [11/Sep/2026 04:25:21] "GET /application/.env HTTP/1.1" 404 -
::1 - - [11/Sep/2026 04:25:21] code 404, message File not found
::1 - - [11/Sep/2026 04:25:21] "GET /api/.env HTTP/1.1" 404 -
::1 - - [11/Sep/2026 04:25:21] code 404, message File not found
::1 - - [11/Sep/2026 04:25:21] "GET /functions/.env HTTP/1.1" 404 -
::1 - - [11/Sep/2026 04:25:21] code 404, message File not found
::1 - - [11/Sep/2026 04:25:21] "GET /application/.env HTTP/1.1" 404 -
::1 - - [11/Sep/2026 04:25:21] code 404, message File not found
::1 - - [11/Sep/2026 04:25:21] "GET /functions/.env HTTP/1.1" 404 -
::1 - - [11/Sep/2026 04:25:23] "GET / HTTP/1.1" 200 -
::1 - - [11/Sep/2026 04:27:42] code 501, message Unsupported method ('POST')
::1 - - [11/Sep/2026 04:27:42] "POST /ask HTTP/1.1" 501 -
